{"tool":"phpunit","result":"failed","tests":20,"passed":9,"assertions":23,"duration_ms":439,"errors":11,"error_details":[{"test":"Tests\\Feature\\Content\\AnswerSubmissionTest::test_user_can_submit_correct_answer_and_earn_xp","file":"/Users/sajid/Documents/Quizlo/tests/Feature/Content/AnswerSubmissionTest.php","line":15,"message":"Call to undefined method App\\Models\\ExamType::factory()"},{"test":"Tests\\Feature\\Content\\AnswerSubmissionTest::test_wrong_answer_deducts_heart_and_shows_explanation","file":"/Users/sajid/Documents/Quizlo/tests/Feature/Content/AnswerSubmissionTest.php","line":58,"message":"Call to undefined method App\\Models\\ExamType::factory()"},{"test":"Tests\\Feature\\Content\\AnswerSubmissionTest::test_user_without_hearts_cannot_answer","file":"/Users/sajid/Documents/Quizlo/tests/Feature/Content/AnswerSubmissionTest.php","line":106,"message":"Call to undefined method App\\Models\\ExamType::factory()"},{"test":"Tests\\Feature\\League\\LeagueStandingsTest::test_user_can_see_their_current_league_standings","file":"/Users/sajid/Documents/Quizlo/tests/Feature/League/LeagueStandingsTest.php","line":17,"message":"Call to undefined method App\\Models\\LeagueSeason::factory()"},{"test":"Tests\\Feature\\League\\LeagueStandingsTest::test_league_standings_are_exam_type_scoped","file":"/Users/sajid/Documents/Quizlo/tests/Feature/League/LeagueStandingsTest.php","line":48,"message":"Call to undefined method App\\Models\\LeagueSeason::factory()"},{"test":"Tests\\Feature\\User\\ExamTypeEnrollmentTest::test_user_can_enroll_in_exam_type","file":"/Users/sajid/Documents/Quizlo/tests/Feature/User/ExamTypeEnrollmentTest.php","line":15,"message":"Call to undefined method App\\Models\\ExamType::factory()"},{"test":"Tests\\Feature\\User\\ExamTypeEnrollmentTest::test_user_cannot_enroll_in_same_exam_type_twice","file":"/Users/sajid/Documents/Quizlo/tests/Feature/User/ExamTypeEnrollmentTest.php","line":36,"message":"Call to undefined method App\\Models\\ExamType::factory()"},{"test":"Tests\\Feature\\User\\ExamTypeEnrollmentTest::test_only_one_primary_exam_type_allowed_per_user","file":"/Users/sajid/Documents/Quizlo/tests/Feature/User/ExamTypeEnrollmentTest.php","line":51,"message":"Call to undefined method App\\Models\\ExamType::factory()"},{"test":"Tests\\Integration\\AnswerSubmissionIntegrationTest::test_submitting_correct_answer_updates_all_systems","file":"/Users/sajid/Documents/Quizlo/tests/Integration/AnswerSubmissionIntegrationTest.php","line":24,"message":"Call to undefined method App\\Models\\ExamType::factory()"},{"test":"Tests\\Integration\\AnswerSubmissionIntegrationTest::test_wrong_answer_deducts_heart_but_does_not_award_xp","file":"/Users/sajid/Documents/Quizlo/tests/Integration/AnswerSubmissionIntegrationTest.php","line":91,"message":"Call to undefined method App\\Models\\ExamType::factory()"},{"test":"Tests\\Integration\\AnswerSubmissionIntegrationTest::test_first_session_serves_easy_questions_only","file":"/Users/sajid/Documents/Quizlo/tests/Integration/AnswerSubmissionIntegrationTest.php","line":113,"message":"Call to undefined method App\\Models\\ExamType::factory()"}]}
